// Jest Snapshot v1, https://goo.gl/fbAQLP

exports[`encodeBase64 1`] = `"PHN2ZyB4bWxucz0iaHR0cDovL3d3dy53My5vcmcvMjAwMC9zdmciIHZpZXdCb3g9IjAgMCAxMDI0IDY0MCI+PGZpbHRlciBpZD0iYiI+PGZlR2F1c3NpYW5CbHVyIHN0ZERldmlhdGlvbj0iMTIiIC8+PC9maWx0ZXI+PHBhdGggZmlsbD0iIzcxOGQ5NSIgZD0iTTAgMGgxMDI0djY0MEgweiIvPjxnIGZpbHRlcj0idXJsKCNiKSIgdHJhbnNmb3JtPSJtYXRyaXgoNCAwIDAgNCAyIDIpIiBmaWxsLW9wYWNpdHk9Ii41Ij48ZWxsaXBzZSBmaWxsPSIjZmZiNTM3IiByeD0iMSIgcnk9IjEiIHRyYW5zZm9ybT0ibWF0cml4KC0uNjk0NzcgMTUuMDkzMjYgLTczLjYzMzI4IC0zLjM4OTUgMTUzLjMgMjkuOCkiLz48ZWxsaXBzZSBmaWxsPSIjNDUxYjA4IiBjeD0iMTk0IiBjeT0iMTU5IiByeD0iNDIiIHJ5PSI3MSIvPjxwYXRoIGZpbGw9IiNmZmZkY2UiIGQ9Ik0xNDQuMyAxNzguMmwtMTQ0IDIuNi0uNi00MSAxNDQtMi42eiIvPjxlbGxpcHNlIGZpbGw9IiMyNTdhOTQiIHJ4PSIxIiByeT0iMSIgdHJhbnNmb3JtPSJtYXRyaXgoLjMwMTMzIDI2LjUzNTk5IC0xMDIuMTU4MzYgMS4xNjAwNyA3OS40IDEwNykiLz48ZWxsaXBzZSBmaWxsPSIjNzJhY2Q1IiByeD0iMSIgcnk9IjEiIHRyYW5zZm9ybT0ibWF0cml4KC03LjIzMTU2IDI1LjU1NTc5IC0xMTMuMDYwMDYgLTMxLjk5Mjc3IDMyLjYgNDIuMSkiLz48ZWxsaXBzZSBmaWxsPSIjMzQ4YmEyIiByeD0iMSIgcnk9IjEiIHRyYW5zZm9ybT0ibWF0cml4KC0zMi4wMjEwNyAyMi4zOTE5OCAtMTQuNjAwODIgLTIwLjg3OTUzIDIzNS44IDExMC40KSIvPjxlbGxpcHNlIGZpbGw9IiNmZmE4NjYiIHJ4PSIxIiByeT0iMSIgdHJhbnNmb3JtPSJtYXRyaXgoMS40Mjg0MiAxMy45Mzk1NCAtNTkuNDQ5NjggNi4wOTE5NiAxMzIgMjgpIi8+PC9nPjwvc3ZnPgo="`;

exports[`getDimensions 1`] = `
Object {
  "height": 640,
  "type": "jpg",
  "width": 1024,
}
`;
