// Jest Snapshot v1, https://goo.gl/fbAQLP

exports[`sqip-plugin-cli --help: show help: error 1`] = `Array []`;

exports[`sqip-plugin-cli --help: show help: resolve 1`] = `
Array [
  Array [
    Array [
      "primitive",
      "blur",
      "svgo",
    ],
  ],
  Array [
    Array [
      "primitive",
      "blur",
      "svgo",
    ],
  ],
]
`;

exports[`sqip-plugin-cli --version: show version: error 1`] = `Array []`;

exports[`sqip-plugin-cli --version: show version: resolve 1`] = `
Array [
  Array [
    Array [
      "primitive",
      "blur",
      "svgo",
    ],
  ],
]
`;

exports[`sqip-plugin-cli no args: show help and require input option: resolve 1`] = `
Array [
  Array [
    Array [
      "primitive",
      "blur",
      "svgo",
    ],
  ],
]
`;

exports[`sqip-plugin-cli passes all given args to library 1`] = `
Array [
  Array [
    Object {
      "input": "mocked-image.jpg",
      "output": "/tmp/mocked-image.svg",
      "parseableOutput": false,
      "plugins": Array [
        Object {
          "name": "mocked",
          "options": Object {},
        },
      ],
      "silent": false,
      "width": 300,
    },
  ],
]
`;

exports[`sqip-plugin-cli throws on missing input: error 1`] = `
Array [
  Array [
    "
Please provide the following arguments: input",
  ],
]
`;
