// Jest Snapshot v1, https://goo.gl/fbAQLP

exports[`applies blur filter do nothing when no blur is given 1`] = `"<svg viewBox=\\"0 0 1024 768\\"><rect fill=\\"#bada55\\"/><g><path fill=\\"#C0FFEE\\" d=\\"M51.5 17.5l4 18 15 1z\\"/></g></svg>"`;

exports[`applies blur filter svg with group and blur 1`] = `"<svg viewBox=\\"0 0 1024 768\\"><filter id=\\"b\\"><feGaussianBlur stdDeviation=\\"5\\"/></filter><rect fill=\\"#bada55\\"/><g filter=\\"url(#b)\\"><g><path fill=\\"#C0FFEE\\" d=\\"M51.5 17.5l4 18 15 1z\\"/></g></g></svg>"`;

exports[`applies blur filter svg without group and blur 1`] = `"<svg viewBox=\\"0 0 1024 768\\"><filter id=\\"b\\"><feGaussianBlur stdDeviation=\\"5\\"/></filter><rect fill=\\"#bada55\\"/><g filter=\\"url(#b)\\"><polygon points=\\"0,100 50,25 50,75 100,0\\"/></g></svg>"`;

exports[`does prepare svg properly svg with group, with config 1`] = `"<svg viewBox=\\"0 0 1024 768\\"><rect fill=\\"#bada55\\" width=\\"100%\\" height=\\"100%\\"/><g><path fill=\\"#C0FFEE\\" d=\\"M51.5 17.5l4 18 15 1z\\"/></g></svg>"`;

exports[`does prepare svg properly svg with missing background 1`] = `
"The SVG must have a rect as first shape element which represents the svg background color:

<svg viewBox=\\"0 0 1024 768\\"><path fill=\\"#bada55\\" d=\\"M0 0h1024v640H0z\\"/><g><path fill=\\"#C0FFEE\\" d=\\"M51.5 17.5l4 18 15 1z\\"/></g></svg>"
`;

exports[`does prepare svg properly svg without group, config with dimensions only 1`] = `"<svg viewBox=\\"0 0 1024 768\\"><rect fill=\\"#bada55\\" width=\\"100%\\" height=\\"100%\\"/><polygon points=\\"0,100 50,25 50,75 100,0\\"/></svg>"`;

exports[`does prepare svg properly svg without viewport, given width & height 1`] = `"<svg viewBox=\\"0 0 1024 640\\"><rect fill=\\"#bada55\\" width=\\"100%\\" height=\\"100%\\"/><g><path fill=\\"#C0FFEE\\" d=\\"M51.5 17.5l4 18 15 1z\\"/></g></svg>"`;

exports[`does prepare svg properly svg without viewport, not given width & height 1`] = `
"SVG is missing viewBox attribute while Width and height were not passed:

<svg><rect fill=\\"#bada55\\"/><g><path fill=\\"#C0FFEE\\" d=\\"M51.5 17.5l4 18 15 1z\\"/></g></svg>"
`;
