// Jest Snapshot v1, https://goo.gl/fbAQLP

exports[`runSVGO 1`] = `
Array [
  Object {
    "floatPrecision": 1,
    "multipass": true,
    "plugins": Array [
      Object {
        "removeViewBox": false,
      },
    ],
  },
]
`;
