// Jest Snapshot v1, https://goo.gl/fbAQLP

exports[`sqip-plugin-blurhash custom config 1`] = `"eGE|G5t.5srWxu-s9bF4%1aJ}Q%LElRjxX0gIoofs.W=Fh-RwHOFsS"`;

exports[`sqip-plugin-blurhash custom config 2`] = `"data:image/jpeg;base64,/9j/2wBDABQODxIPDRQSEBIXFRQYHjIhHhwcHj0sLiQySUBMS0dARkVQWnNiUFVtVkVGZIhlbXd7gYKBTmCNl4x9lnN+gXz/2wBDARUXFx4aHjshITt8U0ZTfHx8fHx8fHx8fHx8fHx8fHx8fHx8fHx8fHx8fHx8fHx8fHx8fHx8fHx8fHx8fHx8fHz/wAARCAAFAAUDASIAAhEBAxEB/8QAFQABAQAAAAAAAAAAAAAAAAAAAAH/xAAZEAADAQEBAAAAAAAAAAAAAAAAAQIDEYL/xAAUAQEAAAAAAAAAAAAAAAAAAAAB/8QAFxEBAAMAAAAAAAAAAAAAAAAAAQACEf/aAAwDAQACEQMRAD8Au2twpXIfkAA2dgVMn//Z"`;

exports[`sqip-plugin-blurhash default output 1`] = `"UGE|G5t.5srW-s9bF4%1}Q%LElRj0gIoofs."`;

exports[`sqip-plugin-blurhash default output 2`] = `"data:image/jpeg;base64,/9j/2wBDABQODxIPDRQSEBIXFRQYHjIhHhwcHj0sLiQySUBMS0dARkVQWnNiUFVtVkVGZIhlbXd7gYKBTmCNl4x9lnN+gXz/2wBDARUXFx4aHjshITt8U0ZTfHx8fHx8fHx8fHx8fHx8fHx8fHx8fHx8fHx8fHx8fHx8fHx8fHx8fHx8fHx8fHx8fHz/wAARCAAEAAQDASIAAhEBAxEB/8QAFQABAQAAAAAAAAAAAAAAAAAAAAH/xAAaEAACAgMAAAAAAAAAAAAAAAAAAQIRAwRR/8QAFAEBAAAAAAAAAAAAAAAAAAAAA//EABYRAQEBAAAAAAAAAAAAAAAAAAEAEf/aAAwDAQACEQMRAD8AmTYnFpKqrgAESIXL/9k="`;
