// Jest Snapshot v1, https://goo.gl/fbAQLP

exports[`sqip-plugin-data-uri encodes svg with base64 1`] = `"data:image/svg+xml;base64,PHN2ZyAvPg=="`;
